[33mThe CJS build of Vite's Node API is deprecated. See https://vite.dev/guide/troubleshooting.html#vite-cjs-node-api-deprecated for more details.[39m
[36mvite v5.4.21 [32mbuilding for production...[36m[39m
transforming...
[32m✓[39m 101 modules transformed.
[31mx[39m Build failed in 467ms
[31merror during build:
[31msrc/App.jsx (2:9): "CartProvider" is not exported by "src/hooks/useCart.js", imported by "src/App.jsx".[31m
file: [36mD:/Cours/AzDevops/Croissant/Starter/frontend/src/App.jsx:2:9[31m
[33m
1: import { Routes, Route } from 'react-router-dom'
2: import { CartProvider } from './hooks/useCart'
            ^
3: import Navbar from './components/Navbar'
4: import Footer from './components/Footer'
[31m
    at getRollupError (file:///D:/Cours/AzDevops/Croissant/Starter/node_modules/rollup/dist/es/shared/parseAst.js:402:41)
    at error (file:///D:/Cours/AzDevops/Croissant/Starter/node_modules/rollup/dist/es/shared/parseAst.js:398:42)
    at Module.error (file:///D:/Cours/AzDevops/Croissant/Starter/node_modules/rollup/dist/es/shared/node-entry.js:17040:16)
    at Module.traceVariable (file:///D:/Cours/AzDevops/Croissant/Starter/node_modules/rollup/dist/es/shared/node-entry.js:17452:29)
    at ModuleScope.findVariable (file:///D:/Cours/AzDevops/Croissant/Starter/node_modules/rollup/dist/es/shared/node-entry.js:15070:39)
    at FunctionScope.findVariable (file:///D:/Cours/AzDevops/Croissant/Starter/node_modules/rollup/dist/es/shared/node-entry.js:5673:38)
    at FunctionBodyScope.findVariable (file:///D:/Cours/AzDevops/Croissant/Starter/node_modules/rollup/dist/es/shared/node-entry.js:5673:38)
    at Identifier.bind (file:///D:/Cours/AzDevops/Croissant/Starter/node_modules/rollup/dist/es/shared/node-entry.js:5447:40)
    at CallExpression.bind (file:///D:/Cours/AzDevops/Croissant/Starter/node_modules/rollup/dist/es/shared/node-entry.js:2825:28)
    at CallExpression.bind (file:///D:/Cours/AzDevops/Croissant/Starter/node_modules/rollup/dist/es/shared/node-entry.js:12179:15)[39m
